// Jest Snapshot v1, https://goo.gl/fbAQLP

exports[`renders correctly 1`] = `
<View
  collapsable={true}
  pointerEvents="box-none"
  style={
    Object {
      "flex": 1,
    }
  }
>
  <RCTSafeAreaView
    emulateUnlessSupported={true}
    style={
      Object {
        "backgroundColor": "#4051DB",
        "flexBasis": 0,
        "flexGrow": 0,
        "flexShrink": 1,
      }
    }
  />
  <RCTSafeAreaView
    emulateUnlessSupported={true}
    style={
      Object {
        "backgroundColor": "#F7F8FF",
        "flexBasis": 0,
        "flexGrow": 1,
        "flexShrink": 1,
      }
    }
  >
    <View
      style={
        Object {
          "alignItems": "center",
          "backgroundColor": "#4051DB",
          "borderBottomColor": "#5061E6",
          "borderBottomWidth": 1,
          "flexDirection": "row",
        }
      }
    >
      <View
        accessible={true}
        focusable={true}
        isTVSelectable={true}
        style={
          Object {
            "alignItems": "center",
            "height": 55,
            "justifyContent": "center",
            "opacity": 1,
            "width": 60,
            "zIndex": 1,
          }
        }
      >
        <SvgXml
          style={
            Object {
              "color": "#FFF",
              "height": 18,
              "opacity": 0.4,
              "width": 18,
            }
          }
          xml="
  <svg width=\\"23\\" height=\\"24\\" viewBox=\\"0 0 23 24\\" fill=\\"none\\" xmlns=\\"http://www.w3.org/2000/svg\\">
    <path d=\\"M11.4854 3L2.22803 12.2573L11.4854 21.5146\\" stroke=\\"currentColor\\" stroke-opacity=\\"0.4\\" stroke-width=\\"3\\" stroke-linecap=\\"round\\" stroke-linejoin=\\"round\\" />
  </svg>
"
        />
      </View>
      <Text
        style={
          Object {
            "alignSelf": "center",
            "color": "#FFF",
            "fontFamily": "IBMPlexSans-Medium",
            "fontSize": 26,
            "letterSpacing": -0.3,
            "lineHeight": 34,
            "paddingHorizontal": 20,
            "position": "absolute",
            "textAlign": "center",
            "width": "100%",
          }
        }
      >
        Legal
      </Text>
    </View>
    <RCTScrollView
      contentContainerStyle={
        Object {
          "backgroundColor": "#F7F8FF",
          "flex": 1,
          "flexDirection": "column",
          "paddingHorizontal": 26,
          "width": "100%",
        }
      }
    >
      <View>
        <View
          style={
            Object {
              "flex": 4,
            }
          }
        >
          <View
            style={
              Array [
                Object {
                  "flex": 1,
                  "overflow": "hidden",
                },
                undefined,
              ]
            }
          >
            <RNCWebView
              cacheEnabled={true}
              javaScriptEnabled={true}
              messagingEnabled={false}
              source={
                Object {
                  "html": "<html><style>  html, body { font-size: 40px; margin: 0; padding: 0; } </style><body><H2>COVID Safe Paths</H2><P>MIT License<br/><br/>Copyright (c) 2020 TripleBlind, Inc<br/><br/>Permission is hereby granted, free of charge, to any person obtaining a copy of this software and associated documentation files (the \\"Software\\"), to deal in the Software without restriction, including without limitation the rights to use, copy, modify, merge, publish, distribute, sublicense, and/or sell copies of the Software, and to permit persons to whom the Software is furnished to do so, subject to the following conditions:<br/><br/>The above copyright notice and this permission notice shall be included in all copies or substantial portions of the Software.<br/><br/>THE SOFTWARE IS PROVIDED \\"AS IS\\", WITHOUT WARRANTY OF ANY KIND, EXPRESS OR IMPLIED, INCLUDING BUT NOT LIMITED TO THE WARRANTIES OF MERCHANTABILITY, FITNESS FOR A PARTICULAR PURPOSE AND NONINFRINGEMENT. IN NO EVENT SHALL THE AUTHORS OR COPYRIGHT HOLDERS BE LIABLE FOR ANY CLAIM, DAMAGES OR OTHER LIABILITY, WHETHER IN AN ACTION OF CONTRACT, TORT OR OTHERWISE, ARISING FROM, OUT OF OR IN CONNECTION WITH THE SOFTWARE OR THE USE OR OTHER DEALINGS IN THE SOFTWARE.<br/><br/>Path Check, Inc.<br/>58 Day Street<br/>Box 441621<br/>Somerville, MA 02144<br/>info@pathcheck.org<br/>covidsafepaths.org<hr/></body></html>",
                }
              }
              style={
                Array [
                  Object {
                    "flex": 1,
                    "overflow": "hidden",
                  },
                  Object {
                    "backgroundColor": "#ffffff",
                  },
                  Object {
                    "backgroundColor": "#F7F8FF",
                    "marginTop": 15,
                  },
                ]
              }
              useSharedProcessPool={true}
            />
          </View>
        </View>
      </View>
    </RCTScrollView>
    <View
      accessible={true}
      focusable={true}
      isTVSelectable={true}
      style={
        Object {
          "backgroundColor": "#BEBEBE",
          "flexDirection": "row",
          "justifyContent": "space-between",
          "opacity": 1,
          "padding": 15,
        }
      }
    >
      <Text
        style={
          Object {
            "color": "#FFF",
            "fontFamily": "IBMPlexSans-Bold",
            "fontSize": 26,
            "fontWeight": "bold",
            "lineHeight": 34,
            "writingDirection": "ltr",
          }
        }
        use="headline2"
      >
        Privacy Policy
      </Text>
      <View
        style={
          Object {
            "alignSelf": "center",
            "paddingLeft": 20,
            "paddingRight": 20,
          }
        }
      >
        <Image
          source={
            Object {
              "testUri": "../../../shared/assets/images/foreArrow.png",
            }
          }
        />
      </View>
    </View>
  </RCTSafeAreaView>
</View>
`;
