// Jest Snapshot v1, https://goo.gl/fbAQLP

exports[`renders correctly 1`] = `
<View
  collapsable={true}
  pointerEvents="box-none"
  style={
    Object {
      "flex": 1,
    }
  }
>
  <View
    accessibilityIgnoresInvertColors={true}
    style={
      Object {
        "flex": 1,
        "height": "100%",
        "justifyContent": "flex-end",
        "resizeMode": "cover",
        "width": "100%",
      }
    }
  >
    <Image
      source={
        Object {
          "testUri": "../../../shared/assets/images/launchScreenBackground.png",
        }
      }
      style={
        Array [
          Object {
            "bottom": 0,
            "left": 0,
            "position": "absolute",
            "right": 0,
            "top": 0,
          },
          Object {
            "height": "100%",
            "width": "100%",
          },
          undefined,
        ]
      }
    />
    <View
      style={
        Object {
          "alignItems": "center",
          "flex": 1,
          "height": "100%",
          "justifyContent": "center",
          "left": 0,
          "position": "absolute",
          "resizeMode": "contain",
          "right": 0,
          "top": "-13%",
        }
      }
    >
      <SvgXml
        height={1334}
        width={1334}
        xml="<svg width=\\"850\\" height=\\"850\\" viewBox=\\"0 0 850 850\\" fill=\\"none\\" xmlns=\\"http://www.w3.org/2000/svg\\">
<path d=\\"M425 465C447.091 465 465 447.091 465 425C465 402.909 447.091 385 425 385C402.909 385 385 402.909 385 425C385 447.091 402.909 465 425 465Z\\" fill=\\"white\\"/>
<path d=\\"M425 457C442.673 457 457 442.673 457 425C457 407.327 442.673 393 425 393C407.327 393 393 407.327 393 425C393 442.673 407.327 457 425 457Z\\" fill=\\"#BEBEBE\\"/>
<path d=\\"M426.373 429.756V427.292C429.005 426.816 431.581 424.968 431.581 421.608C431.581 418.304 429.145 416.12 425.421 416.12C421.725 416.12 419.765 418.276 419.065 420.628L421.725 421.692C422.173 420.012 423.377 418.78 425.309 418.78C427.129 418.78 428.333 419.676 428.333 421.524V421.916C428.333 424.268 426.457 425.304 423.433 425.416V429.756H426.373ZM424.973 436.28C426.681 436.28 427.325 435.468 427.325 434.404V433.732C427.325 432.668 426.681 431.856 424.973 431.856C423.265 431.856 422.621 432.668 422.621 433.732V434.404C422.621 435.468 423.265 436.28 424.973 436.28Z\\" fill=\\"white\\"/>
<circle opacity=\\"0.2\\" cx=\\"425\\" cy=\\"425\\" r=\\"85.5\\" stroke=\\"white\\"/>
<circle opacity=\\"0.2\\" cx=\\"425\\" cy=\\"425\\" r=\\"149.5\\" stroke=\\"white\\"/>
<circle opacity=\\"0.2\\" cx=\\"425\\" cy=\\"425\\" r=\\"217.5\\" stroke=\\"white\\"/>
<circle opacity=\\"0.2\\" cx=\\"425\\" cy=\\"425\\" r=\\"283.5\\" stroke=\\"white\\"/>
<circle opacity=\\"0.2\\" cx=\\"425\\" cy=\\"425\\" r=\\"352.5\\" stroke=\\"white\\"/>
<circle opacity=\\"0.2\\" cx=\\"425\\" cy=\\"425\\" r=\\"424.5\\" stroke=\\"white\\"/>
</svg>"
      />
    </View>
    <View
      style={
        Object {
          "height": "100%",
          "left": 0,
          "paddingBottom": 12,
          "paddingHorizontal": "12%",
          "position": "absolute",
          "right": 0,
          "top": "-10%",
        }
      }
    >
      <View
        style={
          Object {
            "alignItems": "center",
            "flex": 1,
            "justifyContent": "flex-end",
            "paddingBottom": 40,
          }
        }
      >
        <Text
          style={
            Object {
              "color": "#FFF",
              "fontFamily": "IBMPlexSans-Light",
              "fontSize": 16,
              "fontWeight": "normal",
              "lineHeight": 24.5,
              "marginBottom": 24,
              "textAlign": "center",
              "writingDirection": "ltr",
            }
          }
          use="body1"
        />
      </View>
      <View
        style={
          Object {
            "alignItems": "center",
            "flex": 1,
            "justifyContent": "flex-start",
            "paddingTop": 80,
          }
        }
      >
        <Text
          style={
            Object {
              "color": "#FFF",
              "fontFamily": "IBMPlexSans-Medium",
              "fontSize": 26,
              "fontWeight": "normal",
              "lineHeight": 34,
              "marginBottom": 24,
              "textAlign": "center",
              "writingDirection": "ltr",
            }
          }
          use="body1"
        >
          No known contact
        </Text>
        <Text
          style={
            Object {
              "color": "#FFF",
              "fontFamily": "IBMPlexSans",
              "fontSize": 18,
              "fontWeight": "normal",
              "lineHeight": 24.5,
              "marginBottom": 24,
              "textAlign": "center",
              "writingDirection": "ltr",
            }
          }
          use="body1"
        >
          Based on available data you havenâ€™t been near anyone reported positive for COVID-19.
        </Text>
      </View>
    </View>
    <View>
      <View
        accessible={true}
        focusable={true}
        isTVSelectable={true}
        style={
          Object {
            "flexDirection": "row",
            "justifyContent": "space-between",
            "opacity": 1,
          }
        }
      >
        <View
          style={
            Object {
              "alignContent": "flex-end",
              "flexDirection": "column",
              "justifyContent": "space-between",
              "padding": 20,
            }
          }
        >
          <Text
            style={
              Object {
                "color": "#E5E4E6",
                "fontFamily": "IBMPlexSans-Bold",
                "fontSize": 18,
                "fontWeight": "normal",
                "lineHeight": 24,
                "textAlign": "left",
                "writingDirection": "ltr",
              }
            }
            use="body1"
          >
            More COVID-19 information
          </Text>
          <Text
            style={
              Object {
                "color": "#E5E4E6",
                "fontFamily": "IBMPlexSans",
                "fontSize": 18,
                "fontWeight": "normal",
                "lineHeight": 24,
                "textAlign": "left",
                "writingDirection": "ltr",
              }
            }
            use="body1"
          >
            from the Mayo Clinic
          </Text>
        </View>
        <View
          style={
            Object {
              "alignSelf": "center",
              "paddingLeft": 20,
              "paddingRight": 20,
            }
          }
        >
          <Image
            source={
              Object {
                "testUri": "../../../shared/assets/images/foreArrow.png",
              }
            }
          />
        </View>
      </View>
    </View>
    <View
      accessible={true}
      focusable={true}
      isTVSelectable={true}
      style={
        Object {
          "alignSelf": "flex-end",
          "marginRight": "7%",
          "marginTop": "14%",
          "opacity": 1,
          "position": "absolute",
          "top": 0,
        }
      }
    >
      <Image
        resizeMode="contain"
      />
      <SvgXml
        color="white"
        height={30}
        width={30}
        xml="
<svg width=\\"24\\" height=\\"22\\" viewBox=\\"0 0 24 22\\" fill=\\"none\\" xmlns=\\"http://www.w3.org/2000/svg\\">
  <path d=\\"M23.625 17H9V15.125C9 14.5156 8.48438 14 7.875 14H5.625C4.96875 14 4.5 14.5156 4.5 15.125V17H0.375C0.140625 17 0 17.1875 0 17.375V18.125C0 18.3594 0.140625 18.5 0.375 18.5H4.5V20.375C4.5 21.0312 4.96875 21.5 5.625   21.5H7.875C8.48438 21.5 9 21.0312 9 20.375V18.5H23.625C23.8125 18.5 24 18.3594 24 18.125V17.375C24 17.1875 23.8125 17 23.625 17ZM7.5 20H6V15.5H7.5V20ZM23.625 3.5H12V1.625C12 1.01562 11.4844 0.5 10.875 0.5H8.625C7.96875 0.5 7.5 1.01562 7.5 1.625V3.5H0.375C0.140625 3.5 0 3.6875 0 3.875V4.625C0 4.85938 0.140625 5 0.375 5H7.5V6.875C7.5 7.53125 7.96875 8 8.625 8H10.875C11.4844 8 12 7.53125 12 6.875V5H23.625C23.8125 5 24 4.85938 24 4.625V3.875C24 3.6875 23.8125 3.5 23.625 3.5ZM10.5 6.5H9V2H10.5V6.5ZM23.625 10.25H19.5V8.375C19.5 7.76562 18.9844 7.25 18.375 7.25H16.125C15.4688 7.25 15 7.76562 15 8.375V10.25H0.375C0.140625 10.25 0 10.4375 0 10.625V11.375C0 11.6094 0.140625 11.75 0.375 11.75H15V13.625C15 14.2812 15.4688 14.75 16.125 14.75H18.375C18.9844 14.75 19.5 14.2812 19.5 13.625V11.75H23.625C23.8125 11.75 24 11.6094 24 11.375V10.625C24 10.4375 23.8125 10.25 23.625 10.25ZM18 13.25H16.5V8.75H18V13.25Z\\" fill=\\"currentColor\\" />
</svg>
"
      />
    </View>
  </View>
</View>
`;
